// Jest Snapshot v1, https://goo.gl/fbAQLP

exports[`doesn't resolve paths out of root dir: code 1`] = `
"local ____exports = {}
local module = require(\\"module\\")
local ____ = module
return ____exports"
`;

exports[`doesn't resolve paths out of root dir: diagnostics 1`] = `"error TSTL: Could not resolve require path '../module' in file main.ts."`;
