// Jest Snapshot v1, https://goo.gl/fbAQLP

exports[`LuaTable deprecation warning property access set: code 1`] = `
"local ____exports = {}
function ____exports.__main(self)
    return tbl:set(\\"foo\\", 0)
end
return ____exports"
`;

exports[`LuaTable deprecation warning property access set: diagnostics 1`] = `"main.ts(12,16): error TSTL: '@luaTable' has been removed and will no longer have any effect.See https://typescripttolua.github.io/docs/advanced/compiler-annotations#luatable for more information."`;

exports[`LuaTable removed warning constructor: code 1`] = `
"require(\\"lualib_bundle\\");
____table = __TS__New(Table)"
`;

exports[`LuaTable removed warning constructor: diagnostics 1`] = `"main.ts(11,15): error TSTL: '@luaTable' has been removed and will no longer have any effect.See https://typescripttolua.github.io/docs/advanced/compiler-annotations#luatable for more information."`;

exports[`LuaTable removed warning property access get: code 1`] = `
"local ____exports = {}
function ____exports.__main(self)
    return tbl:get(\\"foo\\")
end
return ____exports"
`;

exports[`LuaTable removed warning property access get: diagnostics 1`] = `"main.ts(12,16): error TSTL: '@luaTable' has been removed and will no longer have any effect.See https://typescripttolua.github.io/docs/advanced/compiler-annotations#luatable for more information."`;

exports[`LuaTable removed warning property access length: code 1`] = `
"local ____exports = {}
function ____exports.__main(self)
    return tbl.length
end
return ____exports"
`;

exports[`LuaTable removed warning property access length: diagnostics 1`] = `"main.ts(12,16): error TSTL: '@luaTable' has been removed and will no longer have any effect.See https://typescripttolua.github.io/docs/advanced/compiler-annotations#luatable for more information."`;

exports[`extension removed: code 1`] = `
"local lualib_bundle = require(\\"lualib_bundle\\");
local _ENV = setmetatable({}, { __index = lualib_bundle })
pcall(function() setfenv(1, _ENV) end)
B = __TS__Class()
B.name = \\"B\\"
__TS__ClassExtends(B, A)"
`;

exports[`extension removed: code 2`] = `
"local lualib_bundle = require(\\"lualib_bundle\\");
local _ENV = setmetatable({}, { __index = lualib_bundle })
pcall(function() setfenv(1, _ENV) end)
B = __TS__Class()
B.name = \\"B\\"
__TS__ClassExtends(B, A)"
`;

exports[`extension removed: diagnostics 1`] = `"main.ts(4,9): error TSTL: '@extension' has been removed and will no longer have any effect.See https://typescripttolua.github.io/docs/advanced/compiler-annotations#extension for more information."`;

exports[`extension removed: diagnostics 2`] = `"main.ts(4,9): error TSTL: '@metaExtension' has been removed and will no longer have any effect.See https://typescripttolua.github.io/docs/advanced/compiler-annotations#metaextension for more information."`;

exports[`forRange removed: code 1`] = `""`;

exports[`forRange removed: diagnostics 1`] = `"main.ts(4,25): error TSTL: '@forRange' has been removed and will no longer have any effect.See https://typescripttolua.github.io/docs/advanced/compiler-annotations#forrange for more information."`;

exports[`luaiterator removed: code 1`] = `
"local ____exports = {}
function ____exports.__main(self)
    local arr = {\\"a\\", \\"b\\", \\"c\\"}
    local function luaIter(self)
        local i = 0
        return function() return arr[(function()
            local ____tmp = i
            i = ____tmp + 1
            return ____tmp
        end)() + 1] end
    end
    local result = \\"\\"
    return result
end
return ____exports"
`;

exports[`luaiterator removed: diagnostics 1`] = `"main.ts(10,23): error TSTL: '@luaIterator' has been removed and will no longer have any effect.See https://typescripttolua.github.io/docs/advanced/compiler-annotations#luaiterator for more information."`;

exports[`phantom removed: code 1`] = `
"A = A or ({})
do
    local function nsMember(self)
    end
end"
`;

exports[`phantom removed: diagnostics 1`] = `"main.ts(3,9): error TSTL: '@phantom' has been removed and will no longer have any effect.See https://typescripttolua.github.io/docs/advanced/compiler-annotations#phantom for more information."`;

exports[`pureAbstract removed: code 1`] = `
"local lualib_bundle = require(\\"lualib_bundle\\");
local _ENV = setmetatable({}, { __index = lualib_bundle })
pcall(function() setfenv(1, _ENV) end)
ClassB = __TS__Class()
ClassB.name = \\"ClassB\\"
__TS__ClassExtends(ClassB, ClassA)"
`;

exports[`pureAbstract removed: diagnostics 1`] = `"main.ts(4,22): error TSTL: '@pureAbstract' has been removed and will no longer have any effect.See https://typescripttolua.github.io/docs/advanced/compiler-annotations#pureabstract for more information."`;

exports[`vararg removed: code 1`] = `
"function foo(self, ...)
end
function vararg(self, ...)
    foo(_G, ...)
end"
`;

exports[`vararg removed: diagnostics 1`] = `"main.ts(6,17): error TSTL: '@vararg' has been removed and will no longer have any effect.See https://typescripttolua.github.io/docs/advanced/compiler-annotations#vararg for more information."`;
